COMMAND: D:\texlive\2026\bin\windows\lualatex.exe -interaction=nonstopmode -halt-on-error -output-directory=D:\Users\ASUS\Desktop\机器学习\v2.7.0\_work\evidence\figures\FIG-P547-01\STRICT_R7_SA2_REPAIR_R97_LOCAL_20260824\final_audit\low_profile_calibration D:\Users\ASUS\Desktop\机器学习\v2.7.0\_work\evidence\figures\FIG-P547-01\STRICT_R7_SA2_REPAIR_R97_LOCAL_20260824\final_audit\low_profile_calibration\independent_low_profile_calibration.tex
STDOUT:
This is LuaHBTeX, Version 1.24.0 (TeX Live 2026) 
 restricted system commands enabled.

(d:/Users/ASUS/Desktop/机器学习/v2.7.0/_work/evidence/figures/FIG-P547-01/S
TRICT_R7_SA2_REPAIR_R97_LOCAL_20260824/final_audit/low_profile_calibration/inde
pendent_low_profile_calibration.tex
LaTeX2e <2025-11-01>
L3 programming layer <2026-01-19>
 (d:/texlive/2026/texmf-dist/tex/latex/ctex/ctexbook.cls
(d:/texlive/2026/texmf-dist/tex/latex/ctex/config/ctexbackend.cfg)
(d:/texlive/2026/texmf-dist/tex/latex/l3kernel/expl3.sty
(d:/texlive/2026/texmf-dist/tex/latex/l3backend/l3backend-luatex.def))
Document Class: ctexbook 2022/07/14 v2.5.10 Chinese adapter for class book (CTE
X)
(d:/texlive/2026/texmf-dist/tex/latex/ctex/ctexhook.sty)
(d:/texlive/2026/texmf-dist/tex/latex/ctex/ctexpatch.sty)
(d:/texlive/2026/texmf-dist/tex/latex/base/fix-cm.sty
(d:/texlive/2026/texmf-dist/tex/latex/base/ts1enc.def))
(d:/texlive/2026/texmf-dist/tex/latex/ctex/config/ctexopts.cfg)
(d:/texlive/2026/texmf-dist/tex/latex/base/book.cls
Document Class: book 2025/01/22 v1.4n Standard LaTeX document class
(d:/texlive/2026/texmf-dist/tex/latex/base/bk11.clo
luaotfload | db : Font names database not found, generating new one.
luaotfload | db : This can take several minutes; please be patient.))
(d:/texlive/2026/texmf-dist/tex/latex/ctex/engine/ctex-engine-luatex.def
(d:/texlive/2026/texmf-dist/tex/luatex/luatexja/luatexja.sty
(d:/texlive/2026/texmf-dist/tex/luatex/luatexja/luatexja-core.sty
(d:/texlive/2026/texmf-dist/tex/generic/infwarerr/infwarerr.sty)
(d:/texlive/2026/texmf-dist/tex/luatex/luatexbase/luatexbase.sty
(d:/texlive/2026/texmf-dist/tex/luatex/ctablestack/ctablestack.sty))
(d:/texlive/2026/texmf-dist/tex/generic/ltxcmds/ltxcmds.sty)
(d:/texlive/2026/texmf-dist/tex/generic/pdftexcmds/pdftexcmds.sty
(d:/texlive/2026/texmf-dist/tex/generic/iftex/iftex.sty))
(d:/texlive/2026/texmf-dist/tex/latex/xkeyval/xkeyval.sty
(d:/texlive/2026/texmf-dist/tex/generic/xkeyval/xkeyval.tex
(d:/texlive/2026/texmf-dist/tex/generic/xkeyval/xkvutils.tex
(d:/texlive/2026/texmf-dist/tex/generic/xkeyval/keyval.tex))))
(d:/texlive/2026/texmf-dist/tex/latex/etoolbox/etoolbox.sty)
(d:/texlive/2026/texmf-dist/tex/latex/everyhook/everyhook.sty
(d:/texlive/2026/texmf-dist/tex/latex/svn-prov/svn-prov.sty))
(d:/texlive/2026/texmf-dist/tex/luatex/luatexja/ltj-base.sty)
(d:/texlive/2026/texmf-dist/tex/luatex/luatexja/ltj-kinsoku.tex))
(d:/texlive/2026/texmf-dist/tex/luatex/luatexja/luatexja-compat.sty))
(d:/texlive/2026/texmf-dist/tex/latex/fontspec/fontspec.sty
(d:/texlive/2026/texmf-dist/tex/latex/l3packages/xparse/xparse.sty)
(d:/texlive/2026/texmf-dist/tex/latex/fontspec/fontspec-luatex.sty
(d:/texlive/2026/texmf-dist/tex/latex/base/fontenc.sty)
(d:/texlive/2026/texmf-dist/tex/latex/fontspec/fontspec.cfg)))
(d:/texlive/2026/texmf-dist/tex/latex/base/tuenc.def)
(d:/texlive/2026/texmf-dist/tex/luatex/chinese-jfm/jfm-zh_CN.lua))
(d:/texlive/2026/texmf-dist/tex/latex/zhnumber/zhnumber.sty
(d:/texlive/2026/texmf-dist/tex/latex/zhnumber/zhnumber-utf8.cfg))
(d:/texlive/2026/texmf-dist/tex/latex/ctex/scheme/ctex-scheme-chinese-book.def
(d:/texlive/2026/texmf-dist/tex/latex/ctex/config/ctex-name-utf8.cfg))
(d:/texlive/2026/texmf-dist/tex/latex/ctex/fontset/ctex-fontset-windows.def))
(d:/texlive/2026/texmf-dist/tex/latex/ctex/config/ctex.cfg)

Class ctexbook Warning: Redefining CJKfamily `\CJKrmdefault' (SimSun).


Class ctexbook Warning: Redefining CJKfamily `\CJKsfdefault' (Microsoft
(ctexbook)              YaHei).

(d:/texlive/2026/texmf-dist/tex/latex/amsmath/amsmath.sty
For additional information on amsmath, use the `?' option.
(d:/texlive/2026/texmf-dist/tex/latex/amsmath/amstext.sty
(d:/texlive/2026/texmf-dist/tex/latex/amsmath/amsgen.sty))
(d:/texlive/2026/texmf-dist/tex/latex/amsmath/amsbsy.sty)
(d:/texlive/2026/texmf-dist/tex/latex/amsmath/amsopn.sty))
(d:/texlive/2026/texmf-dist/tex/latex/unicode-math/unicode-math.sty
(d:/texlive/2026/texmf-dist/tex/latex/unicode-math/unicode-math-luatex.sty
(d:/texlive/2026/texmf-dist/tex/latex/l3packages/l3keys2e/l3keys2e.sty)
(d:/texlive/2026/texmf-dist/tex/lualatex/lualatex-math/lualatex-math.sty)
(d:/texlive/2026/texmf-dist/tex/latex/unicode-math/unicode-math-table.tex)))
(d:/texlive/2026/texmf-dist/tex/latex/xcolor/xcolor.sty
(d:/texlive/2026/texmf-dist/tex/latex/graphics-cfg/color.cfg)
(d:/texlive/2026/texmf-dist/tex/latex/graphics-def/luatex.def)
(d:/texlive/2026/texmf-dist/tex/latex/graphics/mathcolor.ltx))
No file independent_low_profile_calibration.aux.
(d:/texlive/2026/texmf-dist/tex/context/base/mkii/supp-pdf.mkii
[Loading MPS to PDF converter (version 2006.09.02).]
) [1{d:/texlive/2026/texmf-var/fonts/map/pdftex/updmap/pdftex.map}]
(d:/Users/ASUS/Desktop/机器学习/v2.7.0/_work/evidence/figures/FIG-P547-01/S
TRICT_R7_SA2_REPAIR_R97_LOCAL_20260824/final_audit/low_profile_calibration/inde
pendent_low_profile_calibration.aux))
 828 words of node memory still in use:
   7 hlist, 2 vlist, 2 rule, 2 glue, 4 kern, 1 glyph, 131 attribute, 55 glue_sp
ec, 21 attribute_list, 1 write, 10 user_defined nodes
   avail lists: 1:1,2:4157,3:30,4:56,5:24,6:18,7:658,8:5,9:50,10:1,12:1
<d:/texlive/2026/texmf-dist/fonts/opentype/public/stix2-otf/STIXTwoText-Bold.ot
f><d:/texlive/2026/texmf-dist/fonts/opentype/public/stix2-otf/STIXTwoMath-Regul
ar.otf><c:/Windows/Fonts/NotoSerifSC-VF.ttf><c:/Windows/Fonts/Noto Sans SC Bold
 (TrueType).otf><d:/texlive/2026/texmf-dist/fonts/opentype/public/lm/lmmono10-r
egular.otf>
Output written on independent_low_profile_calibration.pdf (1 page, 25474 bytes)
.
Transcript written on independent_low_profile_calibration.log.

STDERR:

EXIT=0
