{
  "result": "FAIL",
  "gates": {
    "SOURCE_FONT_PASS": true,
    "PIXEL_HEIGHT_PASS": false,
    "SAME_CLASS_RATIO_PASS": false,
    "ROLE_RATIO_PASS": false,
    "OVERLAP_PIXEL_COUNT": 0,
    "CLIP_PIXEL_COUNT": 0,
    "MIN_TEXT_CLEARANCE_PX": 0.0,
    "VISUAL_HARMONY_PASS": true,
    "MATH_SEMANTICS_PASS": true,
    "TEXT_CONSISTENCY_PASS": true,
    "GRAYSCALE_PASS": true,
    "PAGE_INTEGRATION_PASS": true,
    "EVIDENCE_COMPLETE": false
  },
  "machine": {
    "figure_id": "FIG-P580-01",
    "physical_page": 628,
    "semantic_elements": 41,
    "glyph_measurements": 231,
    "vector_fraction_substrings": 6,
    "graphics": 25,
    "objects_for_pairs": 66,
    "expected_unordered_pairs": 2145,
    "actual_unordered_pairs": 2145,
    "edge_relations": 41,
    "empty_masks": [
      "G0095"
    ],
    "source_font_failures": 0,
    "pixel_height_failures": 38,
    "D_failures": 11,
    "E_failures": 3,
    "illegal_overlap_pixels": 0,
    "illegal_overlap_pair_count": 0,
    "clearance_failure_count": 24,
    "clip_failure_count": 0,
    "critical_or_failed_relation_packages": 30,
    "critical_packages_missing": [],
    "unresolved_pre_occlusion_graphics": [
      "GR007",
      "GR008",
      "GR010",
      "GR019"
    ],
    "result_from_gates": "FAIL",
    "pair_closure_pass": true,
    "mask_closure_pass": false,
    "critical_evidence_closure_pass": true,
    "machine_result": "FAIL"
  }
}
