{
  "result": "FAIL",
  "gates": {
    "SOURCE_FONT_PASS": true,
    "PIXEL_HEIGHT_PASS": false,
    "FINAL_VISIBLE_MASK_CLOSURE_PASS": true,
    "CHAR_SHAPE_MAPPING_RESOLUTION_PASS": true,
    "CHAR_SHAPE_PARENT_MAPPING_PASS": false,
    "TEXT_COMPLETENESS_PASS": false,
    "SAME_CLASS_RATIO_PASS": false,
    "ROLE_RATIO_PASS": false,
    "OVERLAP_PIXEL_COUNT": 0,
    "CLIP_PIXEL_COUNT": 0,
    "MIN_TEXT_CLEARANCE_PX": 0.0,
    "VISUAL_HARMONY_PASS": true,
    "MATH_SEMANTICS_PASS": true,
    "TEXT_CONSISTENCY_PASS": true,
    "GRAYSCALE_PASS": true,
    "PAGE_INTEGRATION_PASS": true,
    "EVIDENCE_COMPLETE": true
  },
  "machine": {
    "figure_id": "FIG-P580-01",
    "physical_page": 628,
    "semantic_elements": 41,
    "glyph_measurements": 229,
    "necessary_substring_measurements": 7,
    "source_occlusion_ledger_count": 3,
    "source_fully_occluded_excluded_count": 2,
    "source_partial_fragment_retained_count": 1,
    "vector_fraction_substrings": 6,
    "graphics": 25,
    "objects_for_pairs": 66,
    "expected_unordered_pairs": 2145,
    "actual_unordered_pairs": 2145,
    "edge_relations": 41,
    "empty_masks": [],
    "source_font_failures": 0,
    "pixel_height_failures": 36,
    "D_failures": 11,
    "E_failures": 3,
    "illegal_overlap_pixels": 0,
    "illegal_overlap_pair_count": 0,
    "clearance_failure_count": 24,
    "clip_failure_count": 0,
    "critical_or_failed_relation_packages": 28,
    "critical_packages_missing": [],
    "unresolved_pre_occlusion_graphics": [],
    "text_occlusion_failure_count": 1,
    "char_shape_mapping_unknown_count": 0,
    "char_shape_mapping_known_failure_count": 2,
    "char_shape_mapping_pending_count": 0,
    "result_from_gates": "FAIL",
    "pair_closure_pass": true,
    "mask_closure_pass": true,
    "final_visible_mask_closure_pass": true,
    "mapping_resolution_pass": true,
    "critical_evidence_closure_pass": true,
    "machine_result": "PASS"
  }
}
