This is LuaHBTeX, Version 1.24.0 (TeX Live 2026)  (format=lualatex 2026.7.16)  24 AUG 2026 08:38
 restricted system commands enabled.
**D:/Users/ASUS/Desktop/机器学习/v2.7.0/_work/evidence/figures/FIG-P582-01/
STRICT_R1/SA1_20260824_R1/low_profile_calibration/caption_cjk_punctuation_calib
ration.tex

(d:/Users/ASUS/Desktop/机器学习/v2.7.0/_work/evidence/figures/FIG-P582-01/S
TRICT_R1/SA1_20260824_R1/low_profile_calibration/caption_cjk_punctuation_calibr
ation.tex
LaTeX2e <2025-11-01>
L3 programming layer <2026-01-19>
Lua module: luaotfload 2024-12-03 v3.29 Lua based OpenType font support
Lua module: lualibs 2023-07-13 v2.76 ConTeXt Lua standard libraries.
Lua module: lualibs-extended 2023-07-13 v2.76 ConTeXt Lua libraries -- extended 
collection.
luaotfload | load : FATAL ERROR
luaotfload | load :   × Failed to load "fontloader" module "basics-gen".
luaotfload | load :   × Error message:
luaotfload | load :     × "...026/texmf-dist/tex/luatex/luaotfload/luaotfload-i
nit.lua:301: system : no writeable cache path, quiting"....026/texmf-dist/tex/lu
atex/luaotfload/luaotfload-init.lua:301: system : no writeable cache path, quiti
ng
stack traceback:
	[C]: in function 'error'
	...026/texmf-dist/tex/luatex/luaotfload/luaotfload-init.lua:301: in function 'o
s.exit'
	...ive/2026/texmf-dist/tex/luatex/luaotfload/luaotfload.lua:203: in local 'load
_fontloader_module'
	...026/texmf-dist/tex/luatex/luaotfload/luaotfload-init.lua:303: in upvalue 'in
it_main'
	...026/texmf-dist/tex/luatex/luaotfload/luaotfload-init.lua:590: in function 'l
uaotfload-init.lua'
	...ive/2026/texmf-dist/tex/luatex/luaotfload/luaotfload.lua:322: in field 'main
'
	[\directlua]:1: in main chunk.
<everyjob> ...string \\encodingdefault{OT1}')end }
                                                  \let \f@encoding \encoding...
l.1 
    % FIG-P582-01 low-profile punctuation calibration source.

Here is how much of LuaTeX's memory you used:
 8 strings out of 476076
 100000,460012 words of node,token memory allocated
 275 words of node memory still in use:
   1 hlist, 1 dir, 39 glue_spec nodes
   avail lists: 2:12,3:3,4:1
 22567 multiletter control sequences out of 65536+600000
 14 fonts using 591679 bytes
 5i,0n,0p,225b,15s stack positions out of 10000i,1000n,20000p,200000b,200000s
!  ==> Fatal error occurred, no output PDF file produced!
