perl: warning: Setting locale failed.
perl: warning: Please check that your locale settings:
	LC_ALL = "C.UTF-8",
	LC_CTYPE = "C",
	LC_NUMERIC = "C",
	LC_COLLATE = "C",
	LC_TIME = (unset),
	LC_MONETARY = (unset),
	LANG = "C.UTF-8"
    are supported and installed on your system.
perl: warning: Falling back to the system default locale ("Chinese (Simplified)_China.936").
Latexmk: Missing input file 'main_full.toc' message in .log file:
  No file main_full.toc.
Latexmk: Missing input file 'symbols.ind' message in .log file:
  No file symbols.ind.
Latexmk: Using bibtex to make bibliography file(s).
Latexmk: ====Undefined refs and citations with line #s in .tex file:
  Reference `fig:V1-C01-language-flow' on page 1 undefined on input line 119
  Reference `exm:V1-C01-small' on page 4 undefined on input line 125
  Reference `ex:V1-C01-S01-01' on page 7 undefined on input line 258
  Reference `ex:V1-C01-S01-02' on page 7 undefined on input line 279
  Reference `sec:V1-C01-S03' on page 1 undefined on input line 282
  Reference `ex:V1-C01-S01-03' on page 7 undefined on input line 297
  Reference `ex:V1-C01-S02-01' on page 8 undefined on input line 309
 And 834 more --- see log file 'D:/Users/ASUS/Desktop/机器学习/v2.7.0/_work/worktrees/dialogue_A_visual/build/p654_sa2_candidate_r1_20260824/main_full.log'
Latexmk: Sometimes, the -f option can be used to get latexmk
  to try to force complete processing.
  But normally, you will need to correct the file(s) that caused the
  error, and then rerun latexmk.
  In some cases, it is best to clean out generated files before rerunning
  latexmk after you've corrected the files.
D:\texlive\2026\bin\windows\runscript.tlu:933: command failed with exit code 12:
perl.exe d:\texlive\2026\texmf-dist\scripts\latexmk\latexmk.pl -lualatex -g -interaction=nonstopmode -file-line-error -halt-on-error -outdir=D:\Users\ASUS\Desktop\机器学习\v2.7.0\_work\worktrees\dialogue_A_visual\build\p654_sa2_candidate_r1_20260824 main_full.tex
lualatex build failed with exit code 12.
所在位置 D:\Users\ASUS\Desktop\机器学习\v2.7.0\_work\worktrees\dialogue_A_visual\build_v2.7.0.ps1:136 字符: 9
+         throw "$Engine build failed with exit code $LASTEXITCODE."
+         ~~~~~~~~~~~~~~~~~~~~~~~~~~~~~~~~~~~~~~~~~~~~~~~~~~~~~~~~~~
    + CategoryInfo          : OperationStopped: (lualatex build failed with exit code 12.:String) [], RuntimeException
    + FullyQualifiedErrorId : lualatex build failed with exit code 12.
 
